<document>
id=0003
firstname=David
lastname=Aranow
street=4
Any
St.
city=Anytown
state=AL
zip=22000
id=0005
firstname=Farbood
lastname=Aranow
street=6
Any
St.
city=Anytown
state=AL
zip=22000
id=0006
firstname=George
lastname=Aranow
street=7
Any
St.
city=Anytown
state=AL
zip=22000
id=0007
firstname=Hank
lastname=Aranow
street=8
Any
St.
city=Anytown
state=AL
zip=22000
id=0001
firstname=Bob
lastname=Aranow
street=2
Any
St.
city=Anytown
state=AL
zip=22000
firstname=James
lastname=Aranow
</document>
